../Core/Src/tc1602a_lcd.c:21:20:prv_Pin	16	static
../Core/Src/tc1602a_lcd.c:26:13:prv_Pulse	8	static
../Core/Src/tc1602a_lcd.c:34:13:prv_WriteNibble	16	static
../Core/Src/tc1602a_lcd.c:43:13:prv_WriteByte	16	static
../Core/Src/tc1602a_lcd.c:51:13:prv_Cmd	16	static
../Core/Src/tc1602a_lcd.c:52:13:prv_Data	16	static
../Core/Src/tc1602a_lcd.c:54:13:prv_LoadCustomChars	16	static
../Core/Src/tc1602a_lcd.c:71:6:LCD_Init	8	static
../Core/Src/tc1602a_lcd.c:101:6:LCD_Clear	8	static
../Core/Src/tc1602a_lcd.c:107:6:LCD_SetCursor	24	static
../Core/Src/tc1602a_lcd.c:114:6:LCD_WriteChar	16	static
../Core/Src/tc1602a_lcd.c:116:6:LCD_Print	16	static
../Core/Src/tc1602a_lcd.c:121:6:LCD_SetDisplay	16	static
../Core/Src/tc1602a_lcd.c:126:6:LCD_ShowSpeed	48	static
../Core/Src/tc1602a_lcd.c:135:6:LCD_ShowPeak	48	static
../Core/Src/tc1602a_lcd.c:144:6:LCD_ShowStatus	40	static
../Core/Src/tc1602a_lcd.c:152:6:LCD_ShowRunResult	48	static
../Core/Src/tc1602a_lcd.c:164:6:LCD_Splash	8	static
../Core/Src/tc1602a_lcd.c:177:6:LCD_IntegrateSpeed	24	static
../Core/Src/tc1602a_lcd.c:189:6:LCD_ResetSpeed	8	static
